0 0.9 0.197
1 0.4 0.183
2 0.7 0.2
3 0.4 0.199
4 0.8 0.196
5 0.9 0.2
6 0.7 0.2
7 0.8 0.192
8 0.4 0.196
9 1.0 0.19
10 0.6 0.192
11 1.0 0.197
12 0.6 0.186
13 0.1 0.203
14 0.9 0.188
15 0.9 0.192
16 0.5 0.202
17 0.9 0.2
18 1.0 0.2
19 0.8 0.201
20 0.8 0.197
21 0.7 0.195
22 0.7 0.212
23 1.0 0.181
24 1.0 0.172
final 1.0 0.199
final 1.0 0.193
final 0.9 0.185
{'unrefined': {'success': np.float64(0.9), 'speed': np.float64(0.19708238901729205)}, 'refined': {'success': np.float64(1.0), 'speed': np.float64(0.19856326455457526)}, 'accepted': True}
