0 0.9 0.183
1 0.3 0.173
2 1.0 0.183
3 0.4 0.182
4 0.8 0.174
5 0.6 0.171
6 0.7 0.175
7 0.5 0.174
8 0.2 0.185
9 0.9 0.164
10 0.3 0.176
11 0.3 0.158
12 0.2 0.177
13 0.2 0.144
14 0.9 0.176
15 1.0 0.176
16 0.7 0.182
17 0.9 0.182
18 0.7 0.18
19 0.8 0.184
20 0.6 0.173
21 0.4 0.178
22 0.8 0.194
23 0.6 0.157
24 0.8 0.182
final 1.0 0.182
final 1.0 0.175
final 0.95 0.183
{'unrefined': {'success': np.float64(0.95), 'speed': np.float64(0.1834665095908906)}, 'refined': {'success': np.float64(1.0), 'speed': np.float64(0.18208812049651057)}, 'accepted': True}
