0 1.0 0.196
1 0.7 0.197
2 0.8 0.194
3 0.8 0.19
4 1.0 0.194
5 1.0 0.198
6 0.7 0.201
7 0.6 0.202
8 0.8 0.191
9 1.0 0.189
10 0.9 0.188
11 0.7 0.191
12 0.4 0.193
13 0.2 0.197
14 0.6 0.191
15 0.9 0.192
16 0.9 0.193
17 0.7 0.194
18 0.5 0.195
19 1.0 0.195
20 0.9 0.192
21 0.8 0.202
22 1.0 0.203
23 1.0 0.18
24 0.6 0.197
final 1.0 0.2
final 0.95 0.196
final 0.95 0.195
{'unrefined': {'success': np.float64(0.95), 'speed': np.float64(0.1954230224101322)}, 'refined': {'success': np.float64(1.0), 'speed': np.float64(0.200108378505207)}, 'accepted': True}
