0 0.8 0.199
1 0.2 0.191
2 0.5 0.208
3 0.0 0.0
4 0.9 0.205
5 0.3 0.2
6 0.2 0.209
7 0.1 0.174
8 0.1 0.189
9 0.9 0.195
10 0.1 0.191
11 0.5 0.178
12 0.1 0.19
13 0.1 0.186
14 0.5 0.191
15 1.0 0.195
16 0.4 0.199
17 0.7 0.201
18 0.5 0.195
19 1.0 0.198
20 0.6 0.194
21 0.6 0.205
22 0.9 0.208
23 0.9 0.188
24 0.6 0.2
final 0.95 0.198
final 1.0 0.194
final 0.85 0.209
{'unrefined': {'success': np.float64(0.8), 'speed': np.float64(0.19717658732235613)}, 'refined': {'success': np.float64(1.0), 'speed': np.float64(0.194480106011124)}, 'accepted': True}
