0 0.9 0.193
1 0.9 0.183
2 0.6 0.179
3 0.8 0.159
4 1.0 0.159
5 0.7 0.187
6 0.9 0.181
7 1.0 0.184
8 1.0 0.197
9 0.5 0.202
10 0.9 0.196
11 0.6 0.158
12 1.0 0.155
13 0.9 0.185
14 0.5 0.174
15 0.4 0.199
16 0.6 0.187
17 0.6 0.16
18 0.9 0.162
19 0.7 0.192
20 0.7 0.172
21 1.0 0.186
22 0.5 0.185
23 0.7 0.179
24 0.7 0.168
final 1.0 0.193
final 0.95 0.183
final 0.95 0.185
{'unrefined': {'success': np.float64(0.95), 'speed': np.float64(0.19097630723489614)}, 'refined': {'success': np.float64(1.0), 'speed': np.float64(0.1927475712592067)}, 'accepted': True}
