0 1.0 0.157
1 1.0 0.149
2 1.0 0.146
3 0.2 0.134
4 0.9 0.148
5 0.8 0.163
6 1.0 0.155
7 0.6 0.166
8 0.8 0.162
9 0.4 0.156
10 0.7 0.155
11 0.8 0.158
12 1.0 0.13
13 0.7 0.154
14 0.8 0.154
15 0.4 0.149
16 1.0 0.157
17 1.0 0.15
18 0.7 0.144
19 1.0 0.144
20 1.0 0.132
21 0.9 0.16
22 0.9 0.149
23 1.0 0.154
24 1.0 0.146
final 0.95 0.156
final 1.0 0.156
final 1.0 0.156
{'unrefined': {'success': np.float64(0.95), 'speed': np.float64(0.15641491425434953)}, 'refined': {'success': np.float64(1.0), 'speed': np.float64(0.1562303498106037)}, 'accepted': True}
