0 0.9 0.181
1 0.7 0.175
2 0.8 0.174
3 0.3 0.183
4 1.0 0.181
5 0.7 0.175
6 0.6 0.178
7 0.8 0.178
8 0.3 0.183
9 1.0 0.172
10 0.4 0.162
11 0.6 0.18
12 0.2 0.184
13 0.1 0.176
14 0.9 0.181
15 1.0 0.177
16 0.8 0.183
17 0.6 0.185
18 0.7 0.177
19 0.8 0.174
20 0.7 0.179
21 0.7 0.177
22 0.7 0.193
23 0.6 0.161
24 0.5 0.168
final 1.0 0.181
final 1.0 0.175
final 1.0 0.17
{'unrefined': {'success': np.float64(0.95), 'speed': np.float64(0.18117290484632315)}, 'refined': {'success': np.float64(1.0), 'speed': np.float64(0.18141188828157176)}, 'accepted': True}
