load 1.7158234119415283
dict_keys(['P', 'links', 'joints', 'new', 'yaw_boxes', 'arm', 'arm_local'])
trunk_assembly roll_bearing.stl metal Trimesh [[-37.0, 6.0, -20.4], [-5.0, 38.0, -13.4]]
trunk_assembly roll_bearing.stl metal Trimesh [[-37.0, -38.0, -20.4], [-5.0, -6.0, -13.4]]
trunk_assembly wj-wk00-0123middlecase_56.stl servo Trimesh [[-56.1, -34.4, 56.6], [-10.9, -9.6, 70.5]]
trunk_assembly drive_palonier.stl servo Trimesh [[-31.0, -32.0, 45.9], [-11.0, -12.0, 51.0]]
trunk_assembly wj-wk00-0124bottomcase_45.stl servo Trimesh [[-56.1, -34.4, 69.5], [-10.9, -9.6, 83.6]]
trunk_assembly wj-wk00-0122topcabinetcase_95.stl servo Trimesh [[-56.1, -34.4, 47.9], [-10.9, -9.6, 57.6]]
trunk_assembly passive_palonier.stl servo Trimesh [[-31.0, -32.0, 79.7], [-11.0, -12.0, 82.8]]
trunk_assembly wj-wk00-0123middlecase_56.stl servo Trimesh [[-56.1, 9.6, 56.6], [-10.9, 34.4, 70.5]]
trunk_assembly drive_palonier.stl servo Trimesh [[-31.0, 12.0, 45.9], [-11.0, 32.0, 51.0]]
trunk_assembly wj-wk00-0124bottomcase_45.stl servo Trimesh [[-56.1, 9.6, 69.5], [-10.9, 34.4, 83.6]]
trunk_assembly wj-wk00-0122topcabinetcase_95.stl servo Trimesh [[-56.1, 9.6, 47.9], [-10.9, 34.4, 57.6]]
trunk_assembly passive_palonier.stl servo Trimesh [[-31.0, 12.0, 79.7], [-11.0, 32.0, 82.8]]
trunk_assembly usb_c_charger.stl elec_usb_c_charger.stl Trimesh [[-75.8, 12.0, -28.0], [-70.6, 30.1, 10.2]]
trunk_assembly power_switch.stl elec_power_switch.stl Trimesh [[-64.0, 40.5, -8.0], [-45.6, 47.9, 11.5]]
trunk_assembly bms.stl elec_bms.stl Trimesh [[-75.8, -31.0, -28.0], [-72.2, -15.1, 12.6]]
trunk_assembly bno055.stl elec_bno055.stl Trimesh [[-63.0, -13.5, 15.0], [-60.0, 13.5, 35.0]]
trunk_assembly board.stl elec_board.stl Trimesh [[-75.6, -21.0, 14.0], [-66.4, 21.0, 46.5]]
trunk_assembly cell.stl elec_cell.stl Trimesh [[-70.0, -32.5, -27.0], [-52.0, 32.5, -9.0]]
trunk_assembly holder.stl elec_holder.stl Trimesh [[-71.0, -38.0, -28.0], [-51.0, 38.0, 13.0]]
trunk_assembly cell.stl elec_cell.stl Trimesh [[-70.0, -32.5, -6.0], [-52.0, 32.5, 12.0]]
trunk_assembly board.stl elec_board.stl Trimesh [[-69.6, -21.0, 14.0], [-60.4, 21.0, 46.5]]
trunk_assembly kilt_petal_00 kilt Trimesh [[19.8, -69.2, -51.7], [68.8, -11.5, 36.2]]
trunk_assembly kilt_petal_01 kilt Trimesh [[38.7, -31.2, -51.7], [70.9, 31.2, 36.2]]
trunk_assembly kilt_petal_02 kilt Trimesh [[19.8, 11.5, -51.7], [68.8, 69.1, 36.2]]
trunk_assembly kilt_petal_03 kilt Trimesh [[-68.9, 51.4, -51.7], [-16.3, 88.8, 36.2]]
trunk_assembly kilt_petal_04 kilt Trimesh [[-95.8, 32.6, -51.7], [-42.2, 79.7, 36.2]]
trunk_assembly kilt_petal_05 kilt Trimesh [[-111.7, 7.6, -51.7], [-66.5, 61.7, 36.2]]
trunk_assembly kilt_petal_06 kilt Trimesh [[-112.6, -27.9, -51.7], [-80.3, 27.9, 36.2]]
trunk_assembly kilt_petal_07 kilt Trimesh [[-111.7, -61.7, -51.7], [-66.5, -7.6, 36.2]]
trunk_assembly kilt_petal_08 kilt Trimesh [[-95.9, -79.5, -51.7], [-42.3, -32.6, 36.2]]
trunk_assembly kilt_petal_09 kilt Trimesh [[-68.9, -88.8, -51.7], [-16.3, -51.4, 36.2]]
trunk_assembly torso_frame pla_new Trimesh [[-80.0, -46.3, -30.5], [22.9, 46.3, 86.0]]
trunk_assembly hip_cradle pla_new Trimesh [[-52.0, -37.5, -28.0], [28.9, 37.5, 44.0]]
trunk_assembly torso_shell pla_new Trimesh [[-78.3, -54.5, 25.0], [37.9, 54.5, 95.0]]
trunk_assembly hip_ring pla_new Trimesh [[-79.0, -55.4, 25.0], [39.3, 55.4, 36.0]]
trunk_assembly s32horn_shoulder_L horn32 Trimesh [[-4.5, 43.5, 65.6], [12.5, 49.6, 82.9]]
trunk_assembly s32horn_shoulder_R horn32 Trimesh [[-4.5, -49.6, 65.6], [12.5, -43.5, 82.9]]
trunk_assembly leaf_chest_0 pla_leaf Trimesh [[25.1, -4.1, 73.7], [31.6, 6.6, 95.8]]
trunk_assembly leaf_chest_1 pla_leaf Trimesh [[27.1, -21.8, 66.7], [33.4, -4.5, 77.3]]
trunk_assembly leaf_chest_2 pla_leaf Trimesh [[28.3, 3.6, 54.2], [34.0, 20.2, 66.2]]
trunk_assembly hp_wj-wk00-0123middlecase_56.stl servo Trimesh [[-10.5, -5.4, 54.9], [14.3, 8.5, 100.1]]
trunk_assembly hp_drive_palonier.stl servo Trimesh [[-8.1, 14.1, 80.0], [11.9, 19.1, 100.0]]
trunk_assembly hp_wj-wk00-0124bottomcase_45.stl servo Trimesh [[-10.5, -18.5, 54.9], [14.3, -4.4, 100.1]]
trunk_assembly hp_wj-wk00-0122topcabinetcase_95.stl servo Trimesh [[-10.5, 7.5, 54.9], [14.3, 17.2, 100.1]]
trunk_assembly hp_passive_palonier.stl servo Trimesh [[-8.1, -17.7, 80.0], [11.9, -14.6, 100.0]]
hip_roll_assembly roll_motor_bottom.stl pla Trimesh [[-38.5, 6.6, -20.2], [-6.5, 37.4, 11.2]]
hip_roll_assembly roll_motor_top.stl pla Trimesh [[-40.0, 7.6, 25.9], [-2.0, 36.4, 45.9]]
hip_roll_assembly wj-wk00-0123middlecase_56.stl servo Trimesh [[-26.5, 9.6, -10.2], [-12.6, 34.4, 35.0]]
hip_roll_assembly drive_palonier.stl servo Trimesh [[-7.0, 12.0, -10.0], [-2.0, 32.0, 9.9]]
hip_roll_assembly wj-wk00-0124bottomcase_45.stl servo Trimesh [[-39.6, 9.6, -10.2], [-25.5, 34.4, 35.0]]
hip_roll_assembly wj-wk00-0122topcabinetcase_95.stl servo Trimesh [[-13.6, 9.6, -10.2], [-3.9, 34.4, 35.0]]
hip_roll_assembly passive_palonier.stl servo Trimesh [[-38.8, 12.0, -10.0], [-35.7, 32.0, 9.9]]
left_roll_to_pitch_assembly wj-wk00-0123middlecase_56.stl servo Trimesh [[-27.2, 44.1, -56.4], [18.0, 58.0, -31.7]]
left_roll_to_pitch_assembly drive_palonier.stl servo Trimesh [[-27.0, 63.6, -54.0], [-7.1, 68.6, -34.1]]
left_roll_to_pitch_assembly wj-wk00-0124bottomcase_45.stl servo Trimesh [[-27.2, 31.0, -56.4], [18.1, 45.1, -31.7]]
left_roll_to_pitch_assembly wj-wk00-0122topcabinetcase_95.stl servo Trimesh [[-27.2, 57.0, -56.4], [18.0, 66.7, -31.7]]
left_roll_to_pitch_assembly passive_palonier.stl servo Trimesh [[-27.0, 31.8, -54.0], [-7.1, 34.9, -34.1]]
left_roll_to_pitch_assembly hip_bracket_L pla_new Trimesh [[-44.5, 11.0, -59.4], [23.0, 69.6, 15.2]]
knee_and_ankle_assembly v3_leg_spacer.stl pla_new Trimesh [[-31.0, 31.6, -66.9], [-3.1, 68.4, -59.4]]
knee_and_ankle_assembly v3_left_knee_to_ankle_right_sheet.stl pla_new Trimesh [[-32.4, 27.7, -81.7], [-1.7, 34.9, -33.1]]
knee_and_ankle_assembly v3_left_knee_to_ankle_left_sheet.stl pla_new Trimesh [[-32.4, 64.1, -81.7], [-1.7, 72.5, -33.1]]
knee_and_ankle_assembly wj-wk00-0123middlecase_56.stl servo Trimesh [[-29.4, 44.0, -110.8], [-4.7, 57.9, -65.6]]
knee_and_ankle_assembly drive_palonier.stl servo Trimesh [[-27.0, 63.5, -110.7], [-7.1, 68.5, -90.7]]
knee_and_ankle_assembly wj-wk00-0124bottomcase_45.stl servo Trimesh [[-29.4, 30.9, -110.8], [-4.7, 45.0, -65.6]]
knee_and_ankle_assembly wj-wk00-0122topcabinetcase_95.stl servo Trimesh [[-29.4, 56.9, -110.8], [-4.7, 66.6, -65.6]]
knee_and_ankle_assembly passive_palonier.stl servo Trimesh [[-27.0, 31.7, -110.7], [-7.1, 34.8, -90.7]]
knee_and_ankle_assembly_2 leg_spacer.stl pla Trimesh [[-31.1, 31.4, -126.0], [-3.0, 68.3, -116.1]]
knee_and_ankle_assembly_2 v3_left_knee_to_ankle_right_sheet.stl pla_new Trimesh [[-32.4, 27.6, -160.4], [-1.7, 34.8, -89.7]]
knee_and_ankle_assembly_2 v3_left_knee_to_ankle_left_sheet.stl pla_new Trimesh [[-32.4, 64.0, -160.4], [-1.7, 72.4, -89.7]]
knee_and_ankle_assembly_2 wj-wk00-0123middlecase_56.stl servo Trimesh [[-29.4, 43.9, -189.5], [-4.7, 57.8, -144.3]]
knee_and_ankle_assembly_2 drive_palonier.stl servo Trimesh [[-27.0, 63.4, -189.3], [-7.1, 68.4, -169.4]]
knee_and_ankle_assembly_2 wj-wk00-0124bottomcase_45.stl servo Trimesh [[-29.4, 30.8, -189.5], [-4.7, 44.9, -144.3]]
knee_and_ankle_assembly_2 wj-wk00-0122topcabinetcase_95.stl servo Trimesh [[-29.4, 56.8, -189.5], [-4.7, 66.5, -144.3]]
knee_and_ankle_assembly_2 passive_palonier.stl servo Trimesh [[-27.0, 31.6, -189.3], [-7.1, 34.7, -169.4]]
knee_and_ankle_assembly_2 boot_cuff_L pla_new Trimesh [[-36.8, 23.2, -158.4], [2.7, 76.8, -141.4]]
knee_and_ankle_assembly_2 shin_cover_front_L pla_new Trimesh [[-20.0, 20.6, -145.9], [8.0, 81.4, -115.4]]
knee_and_ankle_assembly_2 shin_cover_back_L pla_new Trimesh [[-42.0, 20.6, -145.9], [-17.0, 81.4, -115.4]]
foot_assembly foot_side.stl pla Trimesh [[-56.7, 26.5, -210.7], [46.8, 38.5, -164.7]]
foot_assembly foot_bottom_tpu.stl pla Trimesh [[-54.7, 29.0, -218.2], [47.3, 69.7, -210.2]]
foot_assembly foot_bottom_pla.stl pla Trimesh [[-53.7, 35.1, -210.2], [39.2, 62.7, -202.2]]
foot_assembly foot_top.stl pla Trimesh [[-56.7, 38.5, -210.7], [46.8, 73.5, -164.7]]
foot_assembly boot_L pla_arm Trimesh [[-67.3, 19.7, -216.7], [61.3, 85.3, -182.2]]
hip_roll_assembly_2 roll_motor_bottom.stl pla Trimesh [[-38.5, -37.4, -20.2], [-6.5, -6.6, 11.2]]
hip_roll_assembly_2 roll_motor_top.stl pla Trimesh [[-40.0, -36.4, 25.9], [-2.0, -7.6, 45.9]]
hip_roll_assembly_2 wj-wk00-0123middlecase_56.stl servo Trimesh [[-26.5, -34.4, -10.2], [-12.6, -9.6, 35.0]]
hip_roll_assembly_2 drive_palonier.stl servo Trimesh [[-7.0, -32.0, -10.0], [-2.0, -12.0, 9.9]]
hip_roll_assembly_2 wj-wk00-0124bottomcase_45.stl servo Trimesh [[-39.6, -34.4, -10.2], [-25.5, -9.6, 35.0]]
hip_roll_assembly_2 wj-wk00-0122topcabinetcase_95.stl servo Trimesh [[-13.6, -34.4, -10.2], [-3.9, -9.6, 35.0]]
hip_roll_assembly_2 passive_palonier.stl servo Trimesh [[-38.8, -32.0, -10.0], [-35.7, -12.0, 9.9]]
right_roll_to_pitch_assembly wj-wk00-0123middlecase_56.stl servo Trimesh [[-27.2, -58.0, -56.4], [18.0, -44.1, -31.7]]
right_roll_to_pitch_assembly drive_palonier.stl servo Trimesh [[-27.0, -68.6, -54.0], [-7.1, -63.6, -34.1]]
right_roll_to_pitch_assembly wj-wk00-0124bottomcase_45.stl servo Trimesh [[-27.2, -45.1, -56.4], [18.1, -31.0, -31.7]]
right_roll_to_pitch_assembly wj-wk00-0122topcabinetcase_95.stl servo Trimesh [[-27.2, -66.7, -56.4], [18.0, -57.0, -31.7]]
right_roll_to_pitch_assembly passive_palonier.stl servo Trimesh [[-27.0, -34.9, -54.0], [-7.1, -31.8, -34.1]]
right_roll_to_pitch_assembly hip_bracket_R pla_new Trimesh [[-44.5, -69.6, -59.4], [23.0, -11.0, 15.2]]
knee_and_ankle_assembly_3 v3_leg_spacer.stl pla_new Trimesh [[-31.0, -68.7, -66.9], [-3.1, -31.8, -59.4]]
knee_and_ankle_assembly_3 v3_left_knee_to_ankle_right_sheet.stl pla_new Trimesh [[-32.4, -72.5, -81.7], [-1.7, -65.3, -33.1]]
knee_and_ankle_assembly_3 v3_left_knee_to_ankle_left_sheet.stl pla_new Trimesh [[-32.4, -36.1, -81.7], [-1.7, -27.7, -33.1]]
knee_and_ankle_assembly_3 wj-wk00-0123middlecase_56.stl servo Trimesh [[-29.4, -56.2, -110.8], [-4.7, -42.3, -65.6]]
knee_and_ankle_assembly_3 drive_palonier.stl servo Trimesh [[-27.0, -36.7, -110.7], [-7.1, -31.7, -90.7]]
knee_and_ankle_assembly_3 wj-wk00-0124bottomcase_45.stl servo Trimesh [[-29.4, -69.3, -110.8], [-4.7, -55.2, -65.6]]
knee_and_ankle_assembly_3 wj-wk00-0122topcabinetcase_95.stl servo Trimesh [[-29.4, -43.3, -110.8], [-4.7, -33.6, -65.6]]
knee_and_ankle_assembly_3 passive_palonier.stl servo Trimesh [[-27.0, -68.5, -110.7], [-7.1, -65.4, -90.7]]
knee_and_ankle_assembly_4 leg_spacer.stl pla Trimesh [[-31.1, -68.8, -126.0], [-3.0, -31.9, -116.1]]
knee_and_ankle_assembly_4 v3_left_knee_to_ankle_right_sheet.stl pla_new Trimesh [[-32.4, -72.6, -160.4], [-1.7, -65.4, -89.7]]
knee_and_ankle_assembly_4 v3_left_knee_to_ankle_left_sheet.stl pla_new Trimesh [[-32.4, -36.2, -160.4], [-1.7, -27.8, -89.7]]
knee_and_ankle_assembly_4 wj-wk00-0123middlecase_56.stl servo Trimesh [[-29.4, -56.3, -189.5], [-4.7, -42.4, -144.3]]
knee_and_ankle_assembly_4 drive_palonier.stl servo Trimesh [[-27.0, -36.8, -189.3], [-7.1, -31.8, -169.4]]
knee_and_ankle_assembly_4 wj-wk00-0124bottomcase_45.stl servo Trimesh [[-29.4, -69.4, -189.5], [-4.7, -55.3, -144.3]]
knee_and_ankle_assembly_4 wj-wk00-0122topcabinetcase_95.stl servo Trimesh [[-29.4, -43.4, -189.5], [-4.7, -33.7, -144.3]]
knee_and_ankle_assembly_4 passive_palonier.stl servo Trimesh [[-27.0, -68.6, -189.3], [-7.1, -65.5, -169.4]]
knee_and_ankle_assembly_4 boot_cuff_R pla_new Trimesh [[-36.8, -77.0, -158.4], [2.7, -23.4, -141.4]]
knee_and_ankle_assembly_4 shin_cover_front_R pla_new Trimesh [[-20.0, -81.2, -145.9], [8.0, -20.8, -115.4]]
knee_and_ankle_assembly_4 shin_cover_back_R pla_new Trimesh [[-42.0, -81.2, -145.9], [-17.0, -20.8, -115.4]]
foot_assembly_2 foot_side.stl pla Trimesh [[-56.7, -73.7, -210.7], [46.8, -61.7, -164.7]]
foot_assembly_2 foot_bottom_tpu.stl pla Trimesh [[-54.7, -71.2, -218.2], [47.3, -30.5, -210.2]]
foot_assembly_2 foot_bottom_pla.stl pla Trimesh [[-53.7, -65.1, -210.2], [39.2, -37.5, -202.2]]
foot_assembly_2 foot_top.stl pla Trimesh [[-56.7, -61.7, -210.7], [46.8, -26.7, -164.7]]
foot_assembly_2 boot_R pla_arm Trimesh [[-67.3, -85.5, -216.7], [61.3, -19.9, -182.2]]
head_pitch_to_yaw head_pitch_to_yaw.stl pla Trimesh [[-19.1, -21.7, 79.0], [12.9, 23.2, 151.0]]
neck_yaw_assembly v3_head_yaw_to_roll pla_new Trimesh [[-48.1, -39.9, 105.8], [39.8, 40.1, 148.0]]
neck_yaw_assembly wj-wk00-0123middlecase_56.stl servo Trimesh [[-8.2, -12.3, 122.5], [37.0, 12.5, 136.4]]
neck_yaw_assembly drive_palonier.stl servo Trimesh [[-8.1, -9.9, 142.0], [11.9, 10.1, 147.0]]
neck_yaw_assembly wj-wk00-0124bottomcase_45.stl servo Trimesh [[-8.2, -12.3, 109.4], [37.0, 12.5, 123.5]]
neck_yaw_assembly wj-wk00-0122topcabinetcase_95.stl servo Trimesh [[-8.2, -12.3, 135.4], [37.0, 12.5, 145.1]]
neck_yaw_assembly passive_palonier.stl servo Trimesh [[-8.1, -9.9, 110.2], [11.9, 10.1, 113.3]]
head_assembly head_roll_mount.stl pla Trimesh [[38.9, -32.3, 150.8], [78.9, 32.5, 165.9]]
head_assembly raspberrypizerow.stl pla Trimesh [[0.5, 31.9, 155.8], [66.4, 63.1, 159.9]]
head_assembly roll_bearing.stl pla Trimesh [[-49.2, -15.9, 111.9], [-42.2, 16.1, 143.9]]
head_assembly board.stl pla Trimesh [[45.4, -75.9, 158.3], [78.4, -33.9, 159.9]]
head_assembly wj-wk00-0123middlecase_56.stl servo Trimesh [[50.5, -12.3, 117.7], [64.4, 12.5, 163.0]]
head_assembly drive_palonier.stl servo Trimesh [[39.9, -9.9, 117.9], [44.9, 10.1, 137.8]]
head_assembly wj-wk00-0124bottomcase_45.stl servo Trimesh [[63.4, -12.3, 117.7], [77.5, 12.5, 163.0]]
head_assembly wj-wk00-0122topcabinetcase_95.stl servo Trimesh [[41.8, -12.3, 117.7], [51.5, 12.5, 163.0]]
head_assembly passive_palonier.stl servo Trimesh [[73.6, -9.9, 117.9], [76.7, 10.1, 137.8]]
head_assembly head3_head_upper head3 Trimesh [[-94.5, -104.0, 183.4], [113.5, 104.0, 273.7]]
head_assembly head3_head_lower head3 Trimesh [[-95.5, -105.0, 97.0], [113.5, 105.0, 192.1]]
head_assembly head3_chin_collar_L head3 Trimesh [[-79.6, 0.2, 99.5], [98.6, 89.1, 113.1]]
head_assembly head3_chin_collar_R head3 Trimesh [[-79.6, -89.1, 99.5], [98.6, -0.2, 113.1]]
head_assembly head3_eye_bezel_L head3 Trimesh [[60.2, 14.4, 165.3], [108.7, 80.4, 236.1]]
head_assembly head3_display_carrier_L head3 Trimesh [[45.4, 8.9, 164.5], [96.4, 70.0, 232.1]]
head_assembly head3_eye_bezel_R head3 Trimesh [[60.2, -80.4, 165.3], [108.7, -14.4, 236.1]]
head_assembly head3_display_carrier_R head3 Trimesh [[45.4, -70.0, 164.5], [96.4, -8.9, 232.1]]
head_assembly head3_snout head3 Trimesh [[86.5, -50.6, 109.4], [191.4, 33.6, 186.4]]
head_assembly head3_fringe head3 Trimesh [[-103.7, -129.0, 126.0], [108.0, 130.7, 281.5]]
head_assembly display_L display Trimesh [[55.1, 8.0, 167.1], [105.2, 76.0, 237.3]]
head_assembly display_R display Trimesh [[55.1, -76.0, 167.1], [105.2, -8.7, 237.3]]
head_assembly eyering_L eyering Trimesh [[69.8, 25.0, 178.6], [96.5, 65.7, 221.3]]
head_assembly eyering_R eyering Trimesh [[69.8, -65.7, 178.6], [96.5, -25.0, 221.3]]
upper_arm_L s32_shoulder_L servo32 Trimesh [[-2.0, 44.6, 54.3], [10.0, 79.4, 86.0]]
upper_arm_L upper_arm_L pla_arm Trimesh [[-6.0, 54.2, 19.9], [14.0, 82.1, 61.0]]
upper_arm_L shoulder_sleeve_L pla_arm Trimesh [[-3.8, 51.3, 53.5], [11.9, 82.1, 87.3]]
upper_arm_L s32horn_elbow_L horn32 Trimesh [[-4.5, 60.4, 21.9], [12.5, 66.5, 39.2]]
upper_arm_L leaf_shoulder_L pla_leaf Trimesh [[-0.0, 70.7, 48.9], [11.9, 88.9, 69.0]]
fore_arm_L elbow_sleeve_L pla_arm Trimesh [[-3.8, 67.8, 12.7], [11.9, 98.4, 43.6]]
fore_arm_L s32_elbow_L servo32 Trimesh [[-2.0, 61.4, 10.5], [10.0, 96.3, 42.3]]
fore_arm_L forearm_L pla_arm Trimesh [[-3.8, 67.7, -38.5], [11.9, 97.6, 16.4]]
fore_arm_L leaf_elbow_L pla_leaf Trimesh [[-1.2, 85.3, 7.5], [17.5, 100.0, 18.0]]
fore_arm_L s32_gripper_L servo32 Trimesh [[-2.0, 77.7, -57.8], [10.0, 110.5, -26.0]]
fore_arm_L gripper_housing_L pla_arm Trimesh [[-8.5, 71.7, -86.4], [16.5, 121.7, -6.5]]
finger_L s32horn_gripper_L horn32 Trimesh [[-4.5, 105.5, -43.3], [12.5, 111.6, -26.0]]
finger_L finger_moving_L pla_arm Trimesh [[-5.5, 98.4, -86.4], [13.5, 121.7, -24.5]]
upper_arm_R s32_shoulder_R servo32 Trimesh [[-2.0, -79.4, 54.3], [10.0, -44.6, 86.0]]
upper_arm_R upper_arm_R pla_arm Trimesh [[-6.0, -82.1, 19.9], [14.0, -54.2, 61.0]]
upper_arm_R shoulder_sleeve_R pla_arm Trimesh [[-3.8, -82.1, 53.5], [11.9, -51.3, 87.3]]
upper_arm_R s32horn_elbow_R horn32 Trimesh [[-4.5, -66.5, 21.9], [12.5, -60.4, 39.2]]
upper_arm_R leaf_shoulder_R pla_leaf Trimesh [[-0.0, -88.9, 48.9], [11.9, -70.7, 69.0]]
fore_arm_R elbow_sleeve_R pla_arm Trimesh [[-3.8, -98.4, 12.7], [11.9, -67.8, 43.6]]
fore_arm_R s32_elbow_R servo32 Trimesh [[-2.0, -96.3, 10.5], [10.0, -61.4, 42.3]]
fore_arm_R forearm_R pla_arm Trimesh [[-3.8, -97.6, -38.5], [11.9, -67.7, 16.4]]
fore_arm_R leaf_elbow_R pla_leaf Trimesh [[-1.2, -100.0, 7.5], [17.5, -85.3, 18.0]]
fore_arm_R s32_gripper_R servo32 Trimesh [[-2.0, -110.5, -57.8], [10.0, -77.7, -26.0]]
fore_arm_R gripper_housing_R pla_arm Trimesh [[-8.5, -121.7, -86.4], [16.5, -71.7, -6.5]]
finger_R s32horn_gripper_R horn32 Trimesh [[-4.5, -111.6, -43.3], [12.5, -105.5, -26.0]]
finger_R finger_moving_R pla_arm Trimesh [[-5.5, -121.7, -86.4], [13.5, -98.4, -24.5]]
['boot_L', 'boot_R', 'boot_cuff', 'elbow_sleeve_L', 'elbow_sleeve_R', 'finger_moving_L', 'finger_moving_R', 'forearm_L', 'forearm_R', 'gripper_housing_L', 'gripper_housing_R', 'head_yaw_to_roll', 'hip_bracket_L', 'hip_bracket_R', 'hip_cradle', 'hip_ring', 'kilt_petal_00', 'kilt_petal_01', 'kilt_petal_02', 'kilt_petal_03', 'kilt_petal_04', 'kilt_petal_05', 'kilt_petal_06', 'kilt_petal_07', 'kilt_petal_08', 'kilt_petal_09', 'shin_cover_back_L', 'shin_cover_back_R', 'shin_cover_front_L', 'shin_cover_front_R', 'shin_sheet_a', 'shin_sheet_b', 'shoulder_sleeve_L', 'shoulder_sleeve_R', 'thigh_sheet_a', 'thigh_sheet_b', 'thigh_spacer', 'torso_frame', 'torso_shell', 'upper_arm_L', 'upper_arm_R']
{'Y_H': 22.0, 'YC': 50.0, 'DZ': 44.0, 'DX_H': -2.0, 'DX_P': 20.0, 'THIGH_CUT': 22.0, 'SHIN_CUT': 0.0, 'NECK_FIXED': True, 'HX': -15.6, 'HEAD_RX': -3.0, 'DXN': 16.5, 'DN': 62.0, 'NECK_CUT': 4.0, 'BAT_DX': -18.0, 'BAT_DZ': -14.0, 'POD_LO': (-71.0, -38.0, -28.0), 'ELEC_Z': 15.0, 'AX': 4.0, 'AZ': 74.0, 'ARM_Y0': 58.4, 'L_UP': 46.0, 'L_FORE': 72.0, 'YS': 45.0, 'TILT': 10.0, 'SH_REST': 5.0, 'EL_REST': 30.0, 'BARREL_XC': -18.0, 'BARREL_AF': 60.0, 'BARREL_AB': 88.0, 'BARREL_N': 2.5, 'TORSO_ENV': 'torso_env_v38.json', 'V37': True, 'V38': True, 'V39': True, 'V310': True, 'V311': True, 'V312': True, 'V313': True, 'V314': True, 'V315': True, 'V316': True, 'V317': True, 'V318': True, 'V319': True, 'V320': True, 'V321': True, 'V322': True, 'V323': True, 'V324': True, 'V325': True, 'V326': True, 'V327': True, 'V329': True, 'TOP': 93.0, 'WAIST': 25.0, 'KILT_TOP': 33.0, 'HEAD_S': 1.2352941176470589, 'HEAD_Q': (58.9, 0.0, 102.0), 'KILT_HEM': -62.0, 'FRONT_HW': 33.5, 'REAR_HW_HIP': 45.0, 'REAR_HW': 39.0, 'X_STEP': -1.0, 'X_STEP_LO': 3.5}
