0 1.0 0.201
1 0.7 0.21
2 0.5 0.213
3 0.1 0.21
4 0.9 0.204
5 1.0 0.206
6 0.3 0.211
7 0.4 0.22
8 0.6 0.201
9 0.5 0.212
10 0.6 0.184
11 0.1 0.207
12 0.0 0.0
13 0.1 0.204
14 0.4 0.206
15 1.0 0.196
16 0.7 0.202
17 0.4 0.213
18 0.1 0.205
19 0.7 0.205
20 0.7 0.203
21 0.3 0.219
22 0.6 0.202
23 0.9 0.194
24 0.1 0.211
final 0.95 0.206
final 0.95 0.202
final 0.9 0.199
{'unrefined': {'success': np.float64(0.95), 'speed': np.float64(0.2022635095820455)}, 'refined': {'success': np.float64(0.95), 'speed': np.float64(0.2062317664816098)}, 'accepted': True}
