0 1.0 0.206
1 0.3 0.204
2 0.7 0.2
3 0.5 0.203
4 0.9 0.192
5 0.6 0.209
6 0.8 0.199
7 0.5 0.208
8 0.5 0.206
9 0.5 0.212
10 1.0 0.203
11 0.2 0.203
12 0.7 0.194
13 0.8 0.195
14 0.5 0.202
15 0.4 0.21
16 0.9 0.203
17 0.6 0.186
18 1.0 0.189
19 0.6 0.205
20 0.7 0.19
21 0.9 0.202
22 0.7 0.205
23 0.5 0.202
24 0.8 0.2
final 0.95 0.206
final 0.95 0.203
final 0.9 0.189
{'unrefined': {'success': np.float64(0.95), 'speed': np.float64(0.2062317664816098)}, 'refined': {'success': np.float64(0.95), 'speed': np.float64(0.2062317664816098)}, 'accepted': False}
