0 1.0 0.206
1 0.9 0.208
2 0.7 0.203
3 0.8 0.2
4 0.5 0.214
5 0.3 0.196
6 0.1 0.187
7 0.9 0.199
8 1.0 0.186
9 0.9 0.205
10 0.5 0.205
11 0.9 0.191
12 0.8 0.199
13 0.9 0.199
14 0.2 0.192
15 0.4 0.213
16 0.6 0.204
17 0.9 0.191
18 0.4 0.213
19 0.4 0.216
20 0.0 0.0
21 0.9 0.21
22 0.6 0.203
23 0.5 0.21
24 0.6 0.189
final 0.95 0.206
final 0.85 0.212
final 0.95 0.204
{'unrefined': {'success': np.float64(0.95), 'speed': np.float64(0.2062317664816098)}, 'refined': {'success': np.float64(0.95), 'speed': np.float64(0.2062317664816098)}, 'accepted': False}
