| Metric | v3.29 | v3.30 |
|---|---|---|
| Total mass (kg) | 2.584 | 2.575 |
| Stands with no pre-lean | yes | yes |
| COM height (mm) | 246.7 | 246.4 |
| Support margin front / back / side (mm) | 56 / 46 / 70 | 55 / 47 / 70 |
| Tipping angle side / front (deg) | 15.9 / 12.8 | 15.9 / 12.5 |
| Static hip / knee / ankle N·m (x 0.49 rated) | 0.24 (0.49x) / 0.39 (0.79x) / 0.08 | 0.26 (0.52x) / 0.41 (0.83x) / 0.10 |
| Static neck pitch / head pitch N·m standing (x 0.49 rated) | 0.000 (0.00x) / 0.214 (0.44x) | 0.000 (0.00x) / 0.236 (0.48x) |
| Standing bus current (A) | 4.4 | 4.57 |
| Push survived, no controller F/B/L/R (N·s) | 1.34 / 1.10 / 1.69 / 1.69 | 1.29 / 1.15 / 1.64 / 1.64 |
| Push survived, IMU balance F/B/L/R (N·s) | 1.52 / 0.94 / 1.71 / 1.71 | 1.48 / 0.96 / 1.69 / 1.71 |
| Weight shift 0.4 Hz: min foot load at 0.15 / 0.20 rad | 0.00 / 0.00 | 0.07 / 0.00 |
| Walk max-speed: success (20 rand.) / speed / current | 100% / 0.210 m/s / 11.42 A | 100% / 0.209 m/s / 11.42 A |
| Walk energy-aware: success / speed / current | 100% / 0.162 m/s / 10.86 A | 100% / 0.160 m/s / 10.87 A |
| Head+arm test: fell / min margin / neck peak | no / 33.0 mm / n/a (no joint) N·m | no / 33.4 mm / n/a (no joint) N·m |
| Head+arm test peaks: head pitch / yaw / roll (N·m) | 0.789 / 0.78 / 0.386 | 0.802 / 0.778 / 0.383 |
| Arm wave worst RMS x rated 0.5 / 0.8 / 1.5 Hz | 0.76 / 1.01 / 1.66 | 0.76 / 1.01 / 1.66 |
| Arm wave max copper loss per servo W 0.5 / 0.8 / 1.5 Hz | 0.30 / 0.52 / 1.41 | 0.30 / 0.52 / 1.41 |
| Static shoulder gravity torque, straight arm, worst angle (N·m, x 0.147) | 0.066 (0.45x) | 0.066 (0.45x) |
| Fingertip payload continuous / brief (g), arm horizontal | 49 / 228 | 49 / 228 |
| Arm mass per side (g) | 99 | 99 |
