0 1.0 0.182
1 1.0 0.173
2 0.7 0.183
3 0.8 0.188
4 1.0 0.179
5 1.0 0.173
6 0.5 0.188
7 0.7 0.186
8 0.8 0.184
9 0.8 0.16
10 0.6 0.192
11 0.5 0.171
12 0.9 0.184
13 0.1 0.177
14 0.7 0.172
15 0.8 0.181
16 0.7 0.187
17 0.4 0.158
18 0.7 0.18
19 0.8 0.172
20 0.9 0.178
21 0.7 0.184
22 0.8 0.197
23 0.3 0.171
24 0.2 0.196
final 0.95 0.182
final 0.95 0.179
final 0.7 0.175
{'unrefined': {'success': np.float64(0.95), 'speed': np.float64(0.181739055027298)}, 'refined': {'success': np.float64(0.95), 'speed': np.float64(0.181739055027298)}, 'accepted': False}
exit 0
