0 1.0 0.182
1 0.7 0.178
2 1.0 0.168
3 0.6 0.176
4 1.0 0.156
5 0.6 0.185
6 1.0 0.184
7 0.8 0.162
8 0.6 0.16
9 0.3 0.189
10 0.7 0.174
11 0.9 0.178
12 1.0 0.173
13 0.9 0.171
14 0.9 0.182
15 0.6 0.181
16 0.9 0.182
17 0.8 0.184
18 1.0 0.177
19 0.7 0.168
20 1.0 0.166
21 0.9 0.179
22 0.8 0.179
23 1.0 0.179
24 1.0 0.197
final 1.0 0.195
final 1.0 0.182
final 0.95 0.182
{'unrefined': {'success': np.float64(0.95), 'speed': np.float64(0.181739055027298)}, 'refined': {'success': np.float64(1.0), 'speed': np.float64(0.19549279866921254)}, 'accepted': True}
