gripper_housing_L {'watertight': True, 'bodies': 1, 'vol_cm3': np.float64(34.76), 'bbox': [29.0, 56.8, 89.3], 'walls_new': {'p0_5': np.float64(0.59), 'p2': np.float64(0.93), 'median': np.float64(1.38), 'pct_below_1p2': 5.47}, 'vol_old_cm3': np.float64(24.66), 'walls_old': {'p0_5': np.float64(1.58), 'p2': np.float64(1.58), 'median': np.float64(6.65), 'pct_below_1p2': 0.0}}
finger_moving_L {'watertight': True, 'bodies': 1, 'vol_cm3': np.float64(5.47), 'bbox': [19.0, 24.7, 69.8], 'walls_new': {'p0_5': np.float64(0.19), 'p2': np.float64(2.98), 'median': np.float64(6.55), 'pct_below_1p2': 0.88}, 'vol_old_cm3': np.float64(4.45), 'walls_old': {'p0_5': np.float64(2.51), 'p2': np.float64(2.98), 'median': np.float64(6.44), 'pct_below_1p2': 0.25}}
boot_L {'watertight': True, 'bodies': 1, 'vol_cm3': np.float64(54.0), 'bbox': [134.6, 68.6, 37.7], 'walls_new': {'p0_5': np.float64(0.88), 'p2': np.float64(1.37), 'median': np.float64(1.53), 'pct_below_1p2': 1.47}, 'vol_old_cm3': np.float64(41.94), 'walls_old': {'p0_5': np.float64(1.0), 'p2': np.float64(1.46), 'median': np.float64(1.48), 'pct_below_1p2': 1.12}}
shin_cover_front_L {'watertight': True, 'bodies': 1, 'vol_cm3': np.float64(6.57), 'bbox': [28.0, 62.0, 37.2], 'walls_new': {'p0_5': np.float64(0.12), 'p2': np.float64(0.83), 'median': np.float64(1.98), 'pct_below_1p2': 4.14}, 'vol_old_cm3': np.float64(5.47), 'walls_old': {'p0_5': np.float64(0.27), 'p2': np.float64(0.83), 'median': np.float64(1.99), 'pct_below_1p2': 4.21}}
shin_cover_back_L {'watertight': True, 'bodies': 1, 'vol_cm3': np.float64(6.47), 'bbox': [25.2, 61.1, 37.3], 'walls_new': {'p0_5': np.float64(0.11), 'p2': np.float64(0.92), 'median': np.float64(1.73), 'pct_below_1p2': 7.19}, 'vol_old_cm3': np.float64(5.6), 'walls_old': {'p0_5': np.float64(0.29), 'p2': np.float64(0.95), 'median': np.float64(1.74), 'pct_below_1p2': 5.85}}
boot_R {'watertight': True, 'bodies': 1, 'vol_cm3': np.float64(54.02), 'bbox': [134.6, 68.6, 37.7], 'walls_new': {'p0_5': np.float64(0.87), 'p2': np.float64(1.38), 'median': np.float64(1.52), 'pct_below_1p2': 1.45}}
gripper_housing_R {'watertight': True, 'bodies': 1, 'vol_cm3': np.float64(34.76), 'bbox': [29.0, 56.8, 89.3], 'walls_new': {'p0_5': np.float64(0.61), 'p2': np.float64(0.93), 'median': np.float64(1.38), 'pct_below_1p2': 5.67}}
finger_moving_R {'watertight': True, 'bodies': 1, 'vol_cm3': np.float64(5.47), 'bbox': [19.0, 24.7, 69.8], 'walls_new': {'p0_5': np.float64(0.21), 'p2': np.float64(2.98), 'median': np.float64(6.53), 'pct_below_1p2': 0.78}}
shin_cover_front_R {'watertight': True, 'bodies': 1, 'vol_cm3': np.float64(6.51), 'bbox': [28.0, 61.1, 37.2], 'walls_new': {'p0_5': np.float64(0.07), 'p2': np.float64(0.6), 'median': np.float64(1.98), 'pct_below_1p2': 4.75}}
shin_cover_back_R {'watertight': True, 'bodies': 1, 'vol_cm3': np.float64(6.42), 'bbox': [25.1, 61.2, 37.2], 'walls_new': {'p0_5': np.float64(0.13), 'p2': np.float64(0.93), 'median': np.float64(1.73), 'pct_below_1p2': 7.35}}
chest_vine {'watertight': True, 'bodies': 1, 'vol_cm3': np.float64(0.19), 'bbox': [8.6, 16.5, 47.2], 'walls_new': {'p0_5': np.float64(0.57), 'p2': np.float64(0.96), 'median': np.float64(1.78), 'pct_below_1p2': 5.25}}
kilt_petal_00 {'watertight': True, 'bodies': 1, 'vol_cm3': np.float64(7.81), 'bbox': [49.2, 58.0, 100.3], 'walls_new': {'p0_5': np.float64(0.88), 'p2': np.float64(1.24), 'median': np.float64(1.38), 'pct_below_1p2': 1.07}}
kilt_petal_01 {'watertight': True, 'bodies': 1, 'vol_cm3': np.float64(8.7), 'bbox': [32.6, 63.6, 100.3], 'walls_new': {'p0_5': np.float64(0.44), 'p2': np.float64(1.34), 'median': np.float64(1.67), 'pct_below_1p2': 1.37}}
kilt_petal_02 {'watertight': True, 'bodies': 1, 'vol_cm3': np.float64(7.81), 'bbox': [49.3, 57.9, 100.3], 'walls_new': {'p0_5': np.float64(0.94), 'p2': np.float64(1.24), 'median': np.float64(1.38), 'pct_below_1p2': 1.05}}
kilt_petal_03 {'watertight': True, 'bodies': 1, 'vol_cm3': np.float64(6.64), 'bbox': [53.1, 37.7, 100.3], 'walls_new': {'p0_5': np.float64(0.48), 'p2': np.float64(1.25), 'median': np.float64(1.43), 'pct_below_1p2': 1.43}}
kilt_petal_04 {'watertight': True, 'bodies': 1, 'vol_cm3': np.float64(6.62), 'bbox': [53.9, 47.5, 100.3], 'walls_new': {'p0_5': np.float64(0.91), 'p2': np.float64(1.27), 'median': np.float64(1.4), 'pct_below_1p2': 0.68}}
kilt_petal_05 {'watertight': True, 'bodies': 1, 'vol_cm3': np.float64(6.84), 'bbox': [45.4, 54.4, 100.3], 'walls_new': {'p0_5': np.float64(0.35), 'p2': np.float64(1.23), 'median': np.float64(1.43), 'pct_below_1p2': 1.67}}
kilt_petal_06 {'watertight': True, 'bodies': 1, 'vol_cm3': np.float64(6.98), 'bbox': [32.7, 56.3, 100.3], 'walls_new': {'p0_5': np.float64(0.48), 'p2': np.float64(1.23), 'median': np.float64(1.44), 'pct_below_1p2': 1.58}}
kilt_petal_07 {'watertight': True, 'bodies': 1, 'vol_cm3': np.float64(6.84), 'bbox': [45.5, 54.4, 100.3], 'walls_new': {'p0_5': np.float64(0.32), 'p2': np.float64(1.16), 'median': np.float64(1.43), 'pct_below_1p2': 2.17}}
kilt_petal_08 {'watertight': True, 'bodies': 1, 'vol_cm3': np.float64(6.62), 'bbox': [53.9, 47.2, 100.3], 'walls_new': {'p0_5': np.float64(0.59), 'p2': np.float64(1.26), 'median': np.float64(1.4), 'pct_below_1p2': 1.02}}
kilt_petal_09 {'watertight': True, 'bodies': 1, 'vol_cm3': np.float64(6.64), 'bbox': [53.1, 37.6, 100.3], 'walls_new': {'p0_5': np.float64(0.67), 'p2': np.float64(1.28), 'median': np.float64(1.44), 'pct_below_1p2': 1.0}}
gripper_housing_L rest overlaps old,new {'s32_gripper_L': [214.64, 272.99], 's32horn_gripper_L': [0.0, 0.0], 'forearm_L': [0.0, 35.09], 'elbow_sleeve_L': [0.0, 0.0], 's32_elbow_L': [0.0, 0.0], 'finger_moving_L': [0.0, 0.0]}
finger_moving_L rest overlaps old,new {'s32_gripper_L': [0.0, 0.0], 'forearm_L': [0.0, 0.0]}
shin_cover_front_L rest overlaps old,new {'knee_and_ankle_assembly_2__wj-wk00-0123middlecase_56': [0.0, 0.0], 'knee_and_ankle_assembly_2__wj-wk00-0124bottomcase_45': [0.0, 0.0], 'knee_and_ankle_assembly_2__wj-wk00-0122topcabinetcase_95': [0.0, 0.0], 'knee_and_ankle_assembly_2__drive_palonier': [0.0, 0.0], 'knee_and_ankle_assembly_2__passive_palonier': [0.0, 0.0], 'knee_and_ankle_assembly_2__leg_spacer': [0.0, 0.0], 'knee_and_ankle_assembly_2__v3_left_knee_to_ankle_left_sheet': [0.05, 0.05], 'knee_and_ankle_assembly_2__v3_left_knee_to_ankle_right_sheet': [0.61, 0.61], 'boot_cuff_L': [9.55, 9.72]}
boot_L rest overlaps old,new {'foot_assembly__foot_top': [0.0, 0.0], 'foot_assembly__foot_side': [0.0, 0.0], 'foot_assembly__foot_bottom_pla': [0.0, 0.0], 'foot_assembly__foot_bottom_tpu': [0.0, 0.0]}
shin_cover_back_L rest overlaps old,new {'knee_and_ankle_assembly_2__wj-wk00-0123middlecase_56': [0.0, 0.0], 'knee_and_ankle_assembly_2__wj-wk00-0124bottomcase_45': [0.0, 0.0], 'knee_and_ankle_assembly_2__wj-wk00-0122topcabinetcase_95': [0.0, 0.0], 'knee_and_ankle_assembly_2__drive_palonier': [0.0, 0.0], 'knee_and_ankle_assembly_2__passive_palonier': [0.0, 0.0], 'knee_and_ankle_assembly_2__leg_spacer': [0.0, 0.0], 'knee_and_ankle_assembly_2__v3_left_knee_to_ankle_left_sheet': [0.99, 0.99], 'knee_and_ankle_assembly_2__v3_left_knee_to_ankle_right_sheet': [0.67, 0.67], 'boot_cuff_L': [4.13, 4.1]}
gripper sweep {'old': {-10: 2425.73, 0: 0.0, 10: 0.0, 20: 0.0, 30: 0.0, 40: 0.0, 50: 0.0, 60: 0.0}, 'new': {-10: 3110.79, 0: 0.0, 10: 0.0, 20: 0.0, 30: 0.0, 40: 0.0, 50: 0.0, 60: 0.0}}
knee {'old': {0: 0.0, 15: 0.0, 30: 0.0, 45: 0.0, 60: 0.0, 75: 0.0, 90: 0.0, -15: 0.0, -30: 0.0}, 'new': {0: 0.0, 15: 0.0, 30: 0.0, 45: 0.0, 60: 0.0, 75: 0.0, 90: 0.0, -15: 0.0, -30: 0.0}}
ankle {'old': {-45: 0.0, -30: 0.0, -20: 0.0, -10: 0.0, 10: 0.0, 20: 0.0, 30: 0.0, 45: 0.0}, 'new': {-45: 0.0, -30: 0.0, -20: 0.0, -10: 0.0, 10: 0.0, 20: 0.0, 30: 0.0, 45: 0.0}}
