0 1.0 0.192
1 0.8 0.189
2 0.5 0.183
3 0.4 0.161
4 0.4 0.189
5 0.5 0.179
6 0.9 0.177
7 0.6 0.197
8 1.0 0.197
9 0.5 0.21
10 0.8 0.198
11 0.0 0.0
12 0.9 0.156
13 0.8 0.187
14 0.3 0.184
15 0.4 0.198
16 0.7 0.186
17 0.8 0.151
18 0.7 0.16
19 0.7 0.193
20 0.8 0.167
21 1.0 0.187
22 0.4 0.189
23 0.5 0.194
24 0.7 0.178
final 0.95 0.19
final 0.9 0.193
final 1.0 0.187
{'unrefined': {'success': np.float64(0.9), 'speed': np.float64(0.19288621982972368)}, 'refined': {'success': np.float64(1.0), 'speed': np.float64(0.18687573415039124)}, 'accepted': True}
