0 0.8 0.202
1 0.8 0.207
2 0.4 0.209
3 0.9 0.189
4 0.8 0.191
5 0.9 0.19
6 0.2 0.202
7 0.7 0.201
8 1.0 0.192
9 0.5 0.204
10 0.6 0.188
11 0.7 0.194
12 0.6 0.189
13 0.2 0.2
14 0.6 0.196
15 0.7 0.2
16 0.7 0.204
17 0.4 0.213
18 0.4 0.205
19 0.7 0.206
20 0.6 0.199
21 0.5 0.209
22 0.6 0.214
23 0.8 0.193
24 0.1 0.201
final 0.9 0.193
final 0.9 0.179
final 0.75 0.193
{'unrefined': {'success': np.float64(0.85), 'speed': np.float64(0.19596480491743598)}, 'refined': {'success': np.float64(0.9), 'speed': np.float64(0.19288621982972368)}, 'accepted': True}
