0 1.0 0.148
1 0.9 0.136
2 0.7 0.149
3 0.5 0.138
4 0.9 0.153
5 0.6 0.148
6 0.3 0.16
7 0.8 0.152
8 0.4 0.154
9 0.2 0.161
10 0.0 0.0
11 0.4 0.116
12 0.3 0.151
13 0.0 0.0
14 0.6 0.144
15 1.0 0.152
16 0.8 0.142
17 0.1 0.124
18 0.4 0.147
19 0.4 0.142
20 0.7 0.151
21 0.8 0.157
22 0.2 0.131
23 0.2 0.131
24 0.0 0.0
final 0.95 0.152
final 0.95 0.149
final 0.8 0.152
{'unrefined': {'success': np.float64(0.95), 'speed': np.float64(0.1487686268677052)}, 'refined': {'success': np.float64(0.95), 'speed': np.float64(0.15178000378144416)}, 'accepted': True}
