0 1.0 0.152
1 0.4 0.137
2 0.9 0.143
3 0.1 0.146
4 0.6 0.146
5 0.4 0.167
6 1.0 0.152
7 0.4 0.163
8 0.0 0.0
9 0.0 0.0
10 0.5 0.144
11 0.5 0.144
12 0.8 0.132
13 0.2 0.164
14 0.3 0.147
15 0.3 0.131
16 1.0 0.145
17 1.0 0.14
18 0.6 0.144
19 0.4 0.13
20 1.0 0.133
21 1.0 0.151
22 1.0 0.142
23 1.0 0.146
24 1.0 0.149
final 0.95 0.152
final 0.95 0.151
final 1.0 0.152
{'unrefined': {'success': np.float64(0.95), 'speed': np.float64(0.15178000378144416)}, 'refined': {'success': np.float64(1.0), 'speed': np.float64(0.1516721619335798)}, 'accepted': True}
