0 0.9 0.154
1 0.1 0.144
2 1.0 0.139
3 0.4 0.15
4 0.8 0.135
5 0.9 0.165
6 0.8 0.149
7 0.7 0.16
8 0.0 0.0
9 0.0 0.0
10 0.7 0.152
11 0.2 0.144
12 0.9 0.136
13 0.7 0.149
14 0.6 0.15
15 0.3 0.151
16 1.0 0.149
17 1.0 0.153
18 0.8 0.155
19 0.8 0.133
20 0.9 0.128
21 0.5 0.149
22 1.0 0.143
23 1.0 0.145
24 1.0 0.164
final 1.0 0.162
final 0.95 0.153
final 1.0 0.149
{'unrefined': {'success': np.float64(0.95), 'speed': np.float64(0.1534709522798092)}, 'refined': {'success': np.float64(1.0), 'speed': np.float64(0.16244861997289656)}, 'accepted': True}
