0 0.9 0.179
1 0.6 0.186
2 0.9 0.177
3 0.4 0.184
4 0.9 0.175
5 0.7 0.173
6 0.8 0.173
7 0.9 0.188
8 0.4 0.187
9 1.0 0.174
10 0.5 0.183
11 0.4 0.183
12 0.4 0.188
13 0.0 0.0
14 0.9 0.171
15 1.0 0.176
16 0.8 0.183
17 0.5 0.173
18 0.7 0.183
19 1.0 0.176
20 0.8 0.173
21 0.6 0.175
22 0.5 0.2
23 0.3 0.138
24 0.9 0.174
final 1.0 0.176
final 1.0 0.177
final 0.95 0.171
{'unrefined': {'success': np.float64(0.95), 'speed': np.float64(0.1798719226357314)}, 'refined': {'success': np.float64(1.0), 'speed': np.float64(0.1774796701170755)}, 'accepted': True}
