0 1.0 0.152
1 0.1 0.136
2 0.7 0.133
3 0.2 0.145
4 1.0 0.149
5 0.8 0.16
6 0.9 0.154
7 0.9 0.158
8 0.1 0.136
9 0.1 0.156
10 1.0 0.15
11 0.9 0.153
12 0.9 0.141
13 0.8 0.157
14 0.4 0.149
15 0.4 0.138
16 0.9 0.151
17 0.9 0.154
18 0.7 0.15
19 0.7 0.13
20 0.9 0.129
21 0.7 0.153
22 0.9 0.137
23 0.8 0.147
24 0.9 0.158
final 0.95 0.152
final 1.0 0.148
final 0.95 0.148
{'unrefined': {'success': np.float64(0.95), 'speed': np.float64(0.15159992357233193)}, 'refined': {'success': np.float64(1.0), 'speed': np.float64(0.14849480763683795)}, 'accepted': True}
