0 1.0 0.152
1 0.9 0.149
2 0.6 0.151
3 0.9 0.138
4 0.9 0.148
5 0.5 0.151
6 0.5 0.156
7 0.7 0.142
8 0.4 0.15
9 0.2 0.141
10 0.3 0.131
11 0.3 0.139
12 0.5 0.152
13 0.0 0.0
14 0.7 0.147
15 0.9 0.156
16 0.8 0.141
17 0.1 0.144
18 0.7 0.148
19 0.2 0.15
20 0.8 0.146
21 0.8 0.158
22 0.0 0.0
23 0.4 0.141
24 0.0 0.0
final 0.95 0.152
final 0.75 0.156
final 0.95 0.148
{'unrefined': {'success': np.float64(0.95), 'speed': np.float64(0.15159992357233193)}, 'refined': {'success': np.float64(0.95), 'speed': np.float64(0.15159992357233193)}, 'accepted': False}
