| Metric | v3.26 | v3.27 |
|---|---|---|
| Total mass (kg) | 2.561 | 2.575 |
| Stands with no pre-lean | yes | yes |
| COM height (mm) | 245.2 | 246.1 |
| Support margin front / back / side (mm) | 57 / 44 / 70 | 57 / 45 / 70 |
| Tipping angle side / front (deg) | 16.0 / 13.2 | 16.0 / 13.0 |
| Static hip / knee / ankle N·m (x 0.49 rated) | 0.22 (0.46x) / 0.37 (0.75x) / 0.06 | 0.23 (0.47x) / 0.38 (0.77x) / 0.07 |
| Static neck pitch / head pitch N·m standing (x 0.49 rated) | 0.000 (0.00x) / 0.197 (0.40x) | 0.000 (0.00x) / 0.203 (0.41x) |
| Standing bus current (A) | 4.24 | 4.3 |
| Push survived, no controller F/B/L/R (N·s) | 1.36 / 1.05 / 1.66 / 1.66 | 1.36 / 1.08 / 1.69 / 1.69 |
| Push survived, IMU balance F/B/L/R (N·s) | 1.48 / 0.94 / 1.69 / 1.69 | 1.48 / 0.94 / 1.71 / 1.71 |
| Weight shift 0.4 Hz: min foot load at 0.15 / 0.20 rad | 0.07 / 0.00 | 0.07 / 0.00 |
| Walk max-speed: success (20 rand.) / speed / current | 95% / 0.206 m/s / 11.28 A | 100% / 0.213 m/s / 11.33 A |
| Walk energy-aware: success / speed / current | 100% / 0.160 m/s / 10.82 A | 100% / 0.161 m/s / 10.84 A |
| Head+arm test: fell / min margin / neck peak | no / 32.9 mm / n/a (no joint) N·m | no / 32.5 mm / n/a (no joint) N·m |
| Head+arm test peaks: head pitch / yaw / roll (N·m) | 0.757 / 0.778 / 0.384 | 0.772 / 0.779 / 0.383 |
| Arm wave worst RMS x rated 0.5 / 0.8 / 1.5 Hz | 0.76 / 1.01 / 1.66 | 0.76 / 1.01 / 1.66 |
| Arm wave max copper loss per servo W 0.5 / 0.8 / 1.5 Hz | 0.30 / 0.52 / 1.41 | 0.30 / 0.52 / 1.41 |
| Static shoulder gravity torque, straight arm, worst angle (N·m, x 0.147) | 0.066 (0.45x) | 0.066 (0.45x) |
| Fingertip payload continuous / brief (g), arm horizontal | 49 / 228 | 49 / 228 |
| Arm mass per side (g) | 99 | 99 |
