0 1.0 0.207
1 0.4 0.207
2 0.7 0.203
3 0.4 0.203
4 0.7 0.194
5 0.6 0.202
6 1.0 0.2
7 0.6 0.206
8 0.7 0.204
9 0.4 0.217
10 0.8 0.207
11 0.2 0.2
12 0.9 0.183
13 0.8 0.198
14 0.5 0.203
15 0.5 0.209
16 0.9 0.197
17 0.6 0.19
18 0.9 0.192
19 0.6 0.206
20 0.8 0.188
21 1.0 0.196
22 0.8 0.209
23 0.6 0.2
24 0.7 0.2
final 0.95 0.207
final 1.0 0.198
final 0.95 0.195
{'unrefined': {'success': np.float64(0.95), 'speed': np.float64(0.20697076973748665)}, 'refined': {'success': np.float64(1.0), 'speed': np.float64(0.1977956723530181)}, 'accepted': True}
