0 1.0 0.2
1 1.0 0.201
2 1.0 0.196
3 0.8 0.196
4 0.6 0.206
5 0.4 0.196
6 0.3 0.179
7 0.9 0.199
8 0.7 0.174
9 1.0 0.201
10 0.9 0.198
11 1.0 0.185
12 0.8 0.196
13 0.9 0.177
14 0.6 0.195
15 0.8 0.204
16 1.0 0.194
17 0.8 0.187
18 0.7 0.189
19 0.8 0.196
20 0.0 0.0
21 1.0 0.214
22 0.9 0.181
23 0.7 0.21
24 0.8 0.174
final 1.0 0.213
final 1.0 0.199
final 0.95 0.201
{'unrefined': {'success': np.float64(1.0), 'speed': np.float64(0.1977956723530181)}, 'refined': {'success': np.float64(1.0), 'speed': np.float64(0.21284711542236198)}, 'accepted': True}
