| Metric | v3.27 | v3.28 |
|---|---|---|
| Total mass (kg) | 2.575 | 2.587 |
| Stands with no pre-lean | yes | yes |
| COM height (mm) | 246.1 | 247.0 |
| Support margin front / back / side (mm) | 57 / 45 / 70 | 56 / 46 / 70 |
| Tipping angle side / front (deg) | 16.0 / 13.0 | 15.9 / 12.8 |
| Static hip / knee / ankle N·m (x 0.49 rated) | 0.23 (0.47x) / 0.38 (0.77x) / 0.07 | 0.24 (0.49x) / 0.39 (0.79x) / 0.08 |
| Static neck pitch / head pitch N·m standing (x 0.49 rated) | 0.000 (0.00x) / 0.203 (0.41x) | 0.000 (0.00x) / 0.211 (0.43x) |
| Standing bus current (A) | 4.3 | 4.38 |
| Push survived, no controller F/B/L/R (N·s) | 1.36 / 1.08 / 1.69 / 1.69 | 1.34 / 1.10 / 1.69 / 1.69 |
| Push survived, IMU balance F/B/L/R (N·s) | 1.48 / 0.94 / 1.71 / 1.71 | 1.50 / 0.94 / 1.73 / 1.73 |
| Weight shift 0.4 Hz: min foot load at 0.15 / 0.20 rad | 0.07 / 0.00 | 0.07 / 0.00 |
| Walk max-speed: success (20 rand.) / speed / current | 100% / 0.213 m/s / 11.33 A | 100% / 0.210 m/s / 11.36 A |
| Walk energy-aware: success / speed / current | 100% / 0.161 m/s / 10.84 A | 100% / 0.162 m/s / 10.85 A |
| Head+arm test: fell / min margin / neck peak | no / 32.5 mm / n/a (no joint) N·m | no / 33.3 mm / n/a (no joint) N·m |
| Head+arm test peaks: head pitch / yaw / roll (N·m) | 0.772 / 0.779 / 0.383 | 0.79 / 0.78 / 0.387 |
| Arm wave worst RMS x rated 0.5 / 0.8 / 1.5 Hz | 0.76 / 1.01 / 1.66 | 0.76 / 1.01 / 1.66 |
| Arm wave max copper loss per servo W 0.5 / 0.8 / 1.5 Hz | 0.30 / 0.52 / 1.41 | 0.30 / 0.52 / 1.41 |
| Static shoulder gravity torque, straight arm, worst angle (N·m, x 0.147) | 0.066 (0.45x) | 0.066 (0.45x) |
| Fingertip payload continuous / brief (g), arm horizontal | 49 / 228 | 49 / 228 |
| Arm mass per side (g) | 99 | 99 |
